1>La pila está vacia. 
2>Apilar. 
3>La pila no está vacia. 
4>Apilar. 
5>La pila no está vacia. 
6>Apilar. 
7>#  puede haber repetidos.
8>Apilar. 
9>Apilar. 
10>Apilar. 
11>Apilar. 
12>Apilar. 
13>Apilar. 
14>Apilar. 
15>#  esta llena.
16>Apilar. 
17>Fin.
