1>15 no es clave. 
2>Asociar.
3>15 es clave. 
4>Asociar.
5>95 es clave. 
6>Asociar.
7>Asociar.
8>Asociar.
9>Asociar.
10>Asociar.
11>Asociar.
12>Asociar.
13>#  clave repetida; no tiene efecto.
14>Asociar.
15>#  no esta llena.
16>Asociar.
17>5 es clave. 
18>#  esta llena.
19>Asociar.
20>10 no es clave. 
21>Fin.
