1>Apilar. 
2>La cima es (15,4.00)
3>Apilar. 
4>La cima es (95,24.00)
5>Apilar. 
6>Apilar. 
7>Apilar. 
8>Apilar. 
9>Apilar. 
10>Apilar. 
11>Apilar. 
12>Apilar. 
13>La cima es (85,32.00)
14>Apilar. 
15>La cima es (85,32.00)
16>Fin.
