1>La pila est치 vacia. 
2>Desapilar. 
3>La pila est치 vacia. 
4>Apilar. 
5>La pila no est치 vacia. 
6>Desapilar. 
7>La pila est치 vacia. 
8>Apilar. 
9>Apilar. 
10>La cima es (95,24.00)
11>Desapilar. 
12>La cima es (15,4.00)
13>Apilar. 
14>La cima es (95,24.00)
15>Apilar. 
16>Apilar. 
17>Apilar. 
18>Apilar. 
19>Apilar. 
20>Apilar. 
21>Apilar. 
22>La cima es (55,-24.00)
23>Apilar. 
24>#  esta llena.
25>Apilar. 
26>La cima es (85,32.00)
27>Desapilar. 
28>La cima es (55,-24.00)
29>Fin.
