1>15 no es clave. 
2>Desasociar. 
3>15 no es clave. 
4>Asociar.
5>15 es clave. 
6>Desasociar. 
7>15 no es clave. 
8>Asociar.
9>15 es clave. 
10>15 está asociado a 4.00. 
11>Asociar.
12>Asociar.
13>Asociar.
14>85 es clave. 
15>85 está asociado a 2.00. 
16>Asociar.
17>Asociar.
18>Asociar.
19>Asociar.
20>Asociar.
21>Asociar.
22>Desasociar. 
23>85 no es clave. 
24>Asociar.
25>85 es clave. 
26>85 está asociado a 32.00. 
27>Asociar.
28>5 es clave. 
29>5 está asociado a 32.00. 
30>Asociar.
31>10 no es clave. 
32>Desasociar. 
33>35 no es clave. 
34>Asociar.
35>10 es clave. 
36>10 está asociado a 10.00. 
37>Fin.
