1>La cola est치 vacia. 
2>Desencolar. 
3>La cola est치 vacia. 
4>Encolar. 
5>La cola no est치 vacia. 
6>Desencolar. 
7>La cola est치 vacia. 
8>Encolar. 
9>Encolar. 
10>El frente es (15,4.00)
11>Desencolar. 
12>El frente es (95,24.00)
13>Encolar. 
14>El frente es (95,24.00)
15>Encolar. 
16>Encolar. 
17>Encolar. 
18>Encolar. 
19>Encolar. 
20>Encolar. 
21>Encolar. 
22>El frente es (95,24.00)
23>Encolar. 
24>#  esta llena.
25>Encolar. 
26>El frente es (95,24.00)
27>Desencolar. 
28>El frente es (15,14.00)
29>Fin.
