1>La cola está vacia. 
2>Encolar. 
3>La cola no está vacia. 
4>Encolar. 
5>La cola no está vacia. 
6>Encolar. 
7>#  puede haber repetidos.
8>Encolar. 
9>Encolar. 
10>Encolar. 
11>Encolar. 
12>Encolar. 
13>Encolar. 
14>Encolar. 
15>#  esta llena.
16>Encolar. 
17>Fin.
