1>Encolar. 
2>El frente es (15,4.00)
3>Encolar. 
4>El frente es (15,4.00)
5>Encolar. 
6>Encolar. 
7>Encolar. 
8>Encolar. 
9>Encolar. 
10>Encolar. 
11>Encolar. 
12>Encolar. 
13>El frente es (15,4.00)
14>Encolar. 
15>El frente es (15,4.00)
16>Fin.
