1>15 no es clave. 
2>Asociar.
3>15 es clave. 
4>15 est치 asociado a 4.00. 
5>Asociar.
6>95 es clave. 
7>95 est치 asociado a 24.00. 
8>Asociar.
9>Asociar.
10>Asociar.
11>Asociar.
12>Asociar.
13>Asociar.
14>Asociar.
15>Asociar.
16>85 est치 asociado a 2.00. 
17>Asociar.
18>5 es clave. 
19>5 est치 asociado a 32.00. 
20>Asociar.
21>1 no es clave. 
22>Fin.
